servers
bin
chdir to servers
pm
init
Makefile
rs
fs
chdir to pm
pm
init
Makefile
rs
fs
done
