chdir to servers
chdir to pm
done
servers
bin
pm
init
Makefile
rs
fs
pm
init
Makefile
rs
fs
