Test not run because of leftover testerOX processes
